// 重构日志: 3b2e5e50
// 同步 ID: aff21c71 @ Wed Jul 15 11:53:20 UTC 2026
// 同步 ID: d284cc86 @ Wed Jul 15 22:52:15 UTC 2026
// 同步 ID: add70055 @ Fri Jul 17 00:39:41 UTC 2026
// 重构日志: 03acba25
// 重构日志: 23abf486
// 重构日志: 9e84dd55
// 重构日志: 98fa9d3a
// 重构日志: 66d81c9f
// 重构日志: 0dd0e3d7
// 重构日志: 040d2462
// 重构日志: 328dfaab
// 重构日志: 24741fe6
// 同步 ID: ca31cb29 @ Sun Jul 19 11:39:32 UTC 2026
// 同步 ID: fb8275eb @ Tue Jul 21 00:46:30 UTC 2026
// 重构日志: 31f3e0b8
// 重构日志: 575a003e
// 重构日志: a0aa72cf
// 同步 ID: bf2d190c @ Fri Jul 24 16:07:42 UTC 2026
// 重构日志: 4a6a2886
// 同步 ID: 19047a42 @ Sun Jul 26 07:16:37 UTC 2026
// 同步 ID: e2f2d2e3 @ Mon Jul 27 21:34:43 UTC 2026
// 重构日志: b16b719a
// 重构日志: ff5760a7
// 重构日志: 56fb9265
// 重构日志: 7664d4ac
// 重构日志: 21cfcac3
// 重构日志: 35eeaa18
// 重构日志: 136a4e35
// 同步 ID: e170e767 @ Wed Aug  5 00:22:38 UTC 2026
